// Jest Snapshot v1, https://goo.gl/fbAQLP

exports[`config xml modal matches the snapshot 1`] = `
<div
  className="ReactModal__Overlay c-modal__background"
  onClick={[Function]}
  onMouseDown={[Function]}
  style={Object {}}
>
  <div
    aria-label="Application Instances Modal"
    aria-modal={true}
    className="ReactModal__Content c-modal c-modal--settings is-open"
    onClick={[Function]}
    onKeyDown={[Function]}
    onMouseDown={[Function]}
    onMouseUp={[Function]}
    role="dialog"
    style={Object {}}
    tabIndex="-1"
  >
    <h2
      className="c-modal__title"
    >
      Config XML for
       
      bfcoder
       
      Instance
    </h2>
    <div
      className="o-grid__item u-half"
    >
      <div
        className="c-input--container"
      >
        <label
          className="c-input"
          htmlFor="lti_config_xml_lti_key"
        >
          <span>
            LTI Key
          </span>
          <input
            id="lti_config_xml_lti_key"
            name="lti_key"
            type="text"
            value="something-special"
          />
        </label>
      </div>
    </div>
    <div
      className="o-grid__item u-half"
    >
      <div
        className="c-input--container"
      >
        <label
          className="c-input"
          htmlFor="lti_config_xml_lti_secret"
        >
          <span>
            LTI Secret
          </span>
          <input
            id="lti_config_xml_lti_secret"
            name="lti_secret"
            type="text"
            value="12345"
          />
        </label>
      </div>
    </div>
    <div
      className="o-grid__item u-full"
    >
      <label
        className="c-input"
        htmlFor="application_instance_lti_config_xml"
      >
        <span>
          LTI Config XML
        </span>
        <textarea
          id="application_instance_lti_config_xml"
          name="lti_config_xml"
          onChange={[Function]}
          readOnly={true}
          rows={20}
          value="IMA XML"
        />
      </label>
    </div>
    <button
      className="c-btn c-btn--gray--large u-m-right"
      onClick={[Function]}
      type="button"
    >
      Close
    </button>
  </div>
</div>
`;
