// Jest Snapshot v1, https://goo.gl/fbAQLP

exports[`application instances index matches the snapshot 1`] = `
<div>
  <div>
    <header
      className="c-head"
    >
      <div
        className="aj-flex"
      >
        <img
          alt="Atomic Jolt Logo"
          className="c-head-img"
          src="test-file-stub"
        />
        <nav
          className="c-head-nav"
        >
          <a
            aria-selected={null}
            className="c-head-link"
            href=""
            onClick={[Function]}
            style={Object {}}
          >
            Starter
          </a>
        </nav>
      </div>
      <div
        className="c-head-profile"
      >
        <div
          className="aj-menu-contain aj-menu-space "
        >
          <button
            aria-expanded="false"
            aria-haspopup="true"
            aria-label="Analytics Options"
            className="aj-icon-btn"
            onClick={[Function]}
            type="button"
          >
            <i
              aria-hidden="true"
              className="material-icons-outlined"
            >
              account_circle
            </i>
          </button>
          <ul
            className="aj-menu"
            role="menu"
          >
            <li>
              <a>
                <span>
                  Admin Users
                </span>
              </a>
            </li>
            <li>
              <a>
                <span>
                  Update Profile
                </span>
              </a>
            </li>
            <li>
              <a
                href="https://www.example.com"
              >
                <span>
                  Logout
                </span>
              </a>
            </li>
            <li>
              <a
                href="https://www.example.com?destroy_authentications=true"
              >
                <span>
                  Delete Canvas Authentications and Sign Out
                </span>
              </a>
            </li>
          </ul>
        </div>
      </div>
    </header>
    <div
      className="c-yellow-bar"
    />
    <div
      className="c-subnav"
    >
      <ul>
        <li>
          <a
            onClick={[Function]}
            style={Object {}}
          >
            LTI Tools
          </a>
        </li>
        <li>
          <a
            onClick={[Function]}
            style={Object {}}
          >
            Sites
          </a>
        </li>
        <li>
          <a
            onClick={[Function]}
            style={Object {}}
          >
            Platforms
          </a>
        </li>
      </ul>
    </div>
  </div>
  <div
    className="o-contain o-contain--full"
  >
    <div
      className="c-info"
    >
      <div
        className="c-title"
      >
        <h1>
           Instances
        </h1>
      </div>
      <button
        className="c-btn c-btn--border"
        onClick={[Function]}
      >
        New App Instance
      </button>
    </div>
    <div
      className="c-table-container"
    >
      <table
        className="c-table c-table--instances"
      >
        <thead>
          <tr>
            <th
              className="sortable-header"
            >
              <div
                className="aj-flex"
              >
                <button
                  className="aj-sort-btn"
                  onClick={[Function]}
                  type="button"
                >
                  <span
                    className="aj-flex selected"
                  >
                    Name
                    <i
                      className="material-icons aj-icon-btn-sort"
                    >
                      arrow_upward
                    </i>
                  </span>
                </button>
                <div
                  className="input input--search "
                  id="container"
                >
                  <div
                    className="not-the-button"
                  >
                    <input
                      id="searchInput"
                      onChange={[Function]}
                      type="text"
                      value=""
                    />
                  </div>
                  <button
                    className="aj-search-button"
                    onClick={[Function]}
                    type="button"
                  >
                    <i
                      aria-hidden="true"
                      className="material-icons"
                    >
                      search
                    </i>
                  </button>
                </div>
              </div>
            </th>
            <th>
              <span
                className="aj-flex"
              >
                Database Tenant
              </span>
            </th>
            <th>
              <span
                className="aj-flex"
              >
                Canvas Domain
              </span>
            </th>
            <th>
              <span
                className="aj-flex"
              >
                ERRORS
              </span>
            </th>
          </tr>
        </thead>
        <tbody />
      </table>
    </div>
    <ul
      className="pagination"
    >
      <li
        className="previous disabled"
      >
        <a
          aria-disabled="true"
          aria-label="Previous page"
          className=" "
          onClick={[Function]}
          onKeyPress={[Function]}
          rel="prev"
          role="button"
          tabIndex="-1"
        >
          Prev
        </a>
      </li>
      <li
        className="next"
      >
        <a
          aria-disabled="false"
          aria-label="Next page"
          className=""
          onClick={[Function]}
          onKeyPress={[Function]}
          rel="next"
          role="button"
          tabIndex="0"
        >
          Next
        </a>
      </li>
    </ul>
  </div>
</div>
`;
