// Jest Snapshot v1, https://goo.gl/fbAQLP

exports[`application instances index matches the snapshot 1`] = `
<div>
  <div>
    <header
      className="c-head"
    >
      <div
        className="aj-flex"
      >
        <img
          alt="Atomic Jolt Logo"
          className="c-head-img"
        />
        <nav
          className="c-head-nav"
        >
          <a
            aria-selected={null}
            className="c-head-link"
            href=""
            onClick={[Function]}
            style={Object {}}
          >
            Starter
          </a>
        </nav>
      </div>
      <div
        className="c-head-profile"
      >
        <div
          className="aj-menu-contain aj-menu-space "
        >
          <button
            aria-expanded="false"
            aria-haspopup="true"
            aria-label="Analytics Options"
            className="aj-icon-btn"
            onClick={[Function]}
            type="button"
          >
            <i
              aria-hidden="true"
              className="material-icons-outlined"
            >
              account_circle
            </i>
          </button>
          <ul
            className="aj-menu"
            role="menu"
          >
            <li>
              <a>
                <span>
                  Admin Users
                </span>
              </a>
            </li>
            <li>
              <a>
                <span>
                  Update Profile
                </span>
              </a>
            </li>
            <li>
              <a
                href="https://www.example.com"
              >
                <span>
                  Logout
                </span>
              </a>
            </li>
            <li>
              <a
                href="https://www.example.com?destroy_authentications=true"
              >
                <span>
                  Delete Canvas Authentications and Sign Out
                </span>
              </a>
            </li>
          </ul>
        </div>
      </div>
    </header>
    <div
      className="c-yellow-bar"
    />
    <div
      className="c-subnav"
    >
      <ul>
        <li>
          <a
            onClick={[Function]}
            style={Object {}}
          >
            LTI Tools
          </a>
        </li>
        <li>
          <a
            onClick={[Function]}
            style={Object {}}
          >
            Sites
            <span
              className="c-alert c-alert--danger"
            >
               ! Setup Required
            </span>
          </a>
        </li>
      </ul>
    </div>
  </div>
  <div
    className="o-contain o-contain--full"
  >
    <div
      className="c-info"
    >
      <div
        className="c-title"
      >
        <h1>
          App Name
           Instances
        </h1>
      </div>
      <button
        className="c-btn c-btn--border"
        onClick={[Function]}
      >
        New App Instance
      </button>
    </div>
    <ul
      className="pagination"
    >
      <li
        className="previous disabled"
      >
        <a
          onClick={[Function]}
          onKeyPress={[Function]}
          role="button"
          tabIndex="0"
        >
          Prev
        </a>
      </li>
      <li
        className="selected"
      >
        <a
          aria-current="page"
          aria-label="Page 1 is your current page"
          onClick={[Function]}
          onKeyPress={[Function]}
          role="button"
          tabIndex="0"
        >
          1
        </a>
      </li>
      <li>
        <a
          aria-current={null}
          aria-label="Page 2"
          onClick={[Function]}
          onKeyPress={[Function]}
          role="button"
          tabIndex="0"
        >
          2
        </a>
      </li>
      <li>
        <a
          aria-current={null}
          aria-label="Page 3"
          onClick={[Function]}
          onKeyPress={[Function]}
          role="button"
          tabIndex="0"
        >
          3
        </a>
      </li>
      <li>
        <a
          aria-current={null}
          aria-label="Page 4"
          onClick={[Function]}
          onKeyPress={[Function]}
          role="button"
          tabIndex="0"
        >
          4
        </a>
      </li>
      <li>
        <a
          aria-current={null}
          aria-label="Page 5"
          onClick={[Function]}
          onKeyPress={[Function]}
          role="button"
          tabIndex="0"
        >
          5
        </a>
      </li>
      <li>
        <a
          aria-current={null}
          aria-label="Page 6"
          onClick={[Function]}
          onKeyPress={[Function]}
          role="button"
          tabIndex="0"
        >
          6
        </a>
      </li>
      <li
        className="break"
      >
        ...
      </li>
      <li>
        <a
          aria-current={null}
          aria-label="Page 10"
          onClick={[Function]}
          onKeyPress={[Function]}
          role="button"
          tabIndex="0"
        >
          10
        </a>
      </li>
      <li
        className="next"
      >
        <a
          onClick={[Function]}
          onKeyPress={[Function]}
          role="button"
          tabIndex="0"
        >
          Next
        </a>
      </li>
    </ul>
  </div>
</div>
`;
