// Jest Snapshot v1, https://goo.gl/fbAQLP

exports[`application instances list matches the snapshot 1`] = `
<table
  className="c-table c-table--instances"
>
  <thead>
    <tr>
      <Sortable
        column="lti_key"
        currentColumn=""
        currentDirection=""
        setSort={[Function]}
        title="LTI KEY"
      />
      <th>
        <span>
          SETTINGS
        </span>
      </th>
      <th>
        <span>
          CONFIG XML
        </span>
      </th>
      <th>
        <span>
          ENABLED
        </span>
      </th>
      <th>
        <span>
          AUTHS
        </span>
      </th>
      <Sortable
        column="created_at"
        currentColumn=""
        currentDirection=""
        setSort={[Function]}
        title="CREATED"
      />
      <th>
        ________
      </th>
      <th>
        <span>
          REQUESTS
        </span>
      </th>
      <th>
        <span>
          LTI LAUNCHES
        </span>
      </th>
      <th>
        <span>
          USERS
        </span>
      </th>
      <th>
        <span>
          ERRORS
        </span>
      </th>
      <th />
    </tr>
  </thead>
  <tbody>
    <ListRow
      application={Object {}}
      applicationInstance={
        Object {
          "application_id": 7,
          "id": 4,
        }
      }
      canvasOauthURL="https://example.com"
      delete={[Function]}
      disable={[Function]}
      key="instance_0"
      save={[Function]}
      settings={Object {}}
      sites={
        Object {
          "1": Object {
            "id": 1,
            "url": "http://www.example.com",
          },
        }
      }
    />
  </tbody>
</table>
`;
