// Jest Snapshot v1, https://goo.gl/fbAQLP

exports[`application instances list row matches the snapshot 1`] = `
<tr>
  <td>
    <a
      onClick={[Function]}
      style={Object {}}
    >
      No Nickname
    </a>
    <div>
      Unknown User
    </div>
  </td>
  <td>
    lti-key
  </td>
  <td>
    http://www.example.com
  </td>
  <td>
    <a
      href="https://rollbar.com///rql/?projects=&q=select%20*%0Afrom%20item_occurrence%0Awhere%20unix_timestamp()%20-%20timestamp%20between%200%20*%2060%20*%2060%20*%2024%20and%201%20*%2060%20*%2060%20*%2024%0Aand%20tenant%20%3D%20'lti-key'&graph_type=line"
      tarket="blank"
    >
      <div>
        d:
        1
      </div>
      <div>
        w:
        1
      </div>
    </a>
  </td>
</tr>
`;
