// Jest Snapshot v1, https://goo.gl/fbAQLP

exports[`application instances list matches the snapshot 1`] = `
<div
  className="c-table-container"
>
  <table
    className="c-table c-table--instances"
  >
    <thead>
      <tr>
        <Sortable
          canSearch={true}
          column="nickname"
          currentColumn=""
          currentDirection=""
          key="Name_0"
          setSort={[Function]}
          title="Name"
        />
        <Sortable
          column="trial_end_date"
          currentColumn=""
          currentDirection=""
          key="Trial Ends_1"
          setSort={[Function]}
          title="Trial Ends"
        />
        <th
          key="Database Tenant_2"
        >
          <span
            className="aj-flex"
          >
            Database Tenant
          </span>
        </th>
        <th
          key="Canvas Domain_3"
        >
          <span
            className="aj-flex"
          >
            Canvas Domain
          </span>
        </th>
        <th
          key="Potential Users_4"
        >
          <span
            className="aj-flex"
          >
            Potential Users
          </span>
        </th>
        <th
          key="ERRORS_5"
        >
          <span
            className="aj-flex"
          >
            ERRORS
          </span>
        </th>
      </tr>
    </thead>
    <tbody>
      <ListRow
        application={Object {}}
        applicationInstance={
          Object {
            "application_id": 7,
            "id": 4,
          }
        }
        key="instance_0"
      />
    </tbody>
  </table>
</div>
`;
