// Jest Snapshot v1, https://goo.gl/fbAQLP

exports[`home renders the home component 1`] = `
<div>
  <div>
    <img
      alt="Atomic Jolt Logo"
      src="test-file-stub"
    />
    <hr />
    <h2>
      Courses:
    </h2>
    <ul />
  </div>
  <div>
    <hr />
    <h3>
      Users (LTI Advantage names and roles example):
    </h3>
    <ul
      style={
        Object {
          "textAlign": "left",
        }
      }
    />
    <h3>
      Line items (LTI Advantage line items example):
    </h3>
    <ul
      style={
        Object {
          "textAlign": "left",
        }
      }
    />
    <h3>
      Results (LTI Advantage line item results example):
    </h3>
    <ul
      style={
        Object {
          "textAlign": "left",
        }
      }
    />
  </div>
</div>
`;
