// Jest Snapshot v1, https://goo.gl/fbAQLP

exports[`applications form matches the snapshot 1`] = `
<form>
  <div
    className="o-grid o-grid__modal-top"
  >
    <div
      className="o-grid__item u-half"
    >
      <label
        className="c-input"
        htmlFor="description"
      >
        <span>
          Description
        </span>
        <input
          id="description"
          name="description"
          onChange={[Function]}
          type="text"
          value="SPEC_DESCRIPTION"
        />
      </label>
    </div>
    <div
      className="o-grid__item u-half"
    >
      <div
        className="c-input--container"
      >
        <label
          className="c-input"
          htmlFor="oauth_key_input"
        >
          <span>
            Oauth Key
          </span>
          <input
            id="oauth_key_input"
            name="oauth_key"
            onChange={[Function]}
            type="text"
            value=""
          />
        </label>
      </div>
    </div>
    <div
      className="o-grid__item u-half"
    >
      <div
        className="c-input--container"
      >
        <label
          className="c-input"
          htmlFor="oauth_secret_input"
        >
          <span>
            Oauth Secret
          </span>
          <input
            id="oauth_secret_input"
            name="oauth_secret"
            onChange={[Function]}
            type="text"
            value=""
          />
        </label>
      </div>
    </div>
    <div
      className="o-grid__item u-half"
    >
      <label
        className="c-input"
        htmlFor="permissions"
      >
        <span>
          Canvas API Permissions
        </span>
      </label>
    </div>
    <div
      className="o-grid__item u-full"
    >
      <label
        className="c-input"
        htmlFor="application_default_config"
      >
        <span>
          Default Config
        </span>
        <textarea
          id="application_default_config"
          name="default_config"
          onChange={[Function]}
          placeholder="ex: { \\"foo\\": \\"bar\\" }"
          rows={3}
          value="{ \\"foo\\": \\"bar\\" }"
        />
      </label>
    </div>
  </div>
  <button
    className="c-btn c-btn--yellow"
    onClick={[Function]}
    type="button"
  >
    Save
  </button>
  <button
    className="c-btn c-btn--gray--large u-m-right"
    onClick={[Function]}
    type="button"
  >
    Cancel
  </button>
</form>
`;
