// Jest Snapshot v1, https://goo.gl/fbAQLP

exports[`applications modal modal matches snapshot 1`] = `
ShallowWrapper {
  "length": 1,
  Symbol(enzyme.__root__): [Circular],
  Symbol(enzyme.__unrendered__): <Modal
    application={
      Object {
        "description": "SPEC_STRING",
        "name": "SPEC_NAME",
      }
    }
    closeModal={[Function]}
    isOpen={true}
    save={[Function]}
  />,
  Symbol(enzyme.__renderer__): Object {
    "batchedUpdates": [Function],
    "getNode": [Function],
    "render": [Function],
    "simulateEvent": [Function],
    "unmount": [Function],
  },
  Symbol(enzyme.__node__): Object {
    "instance": null,
    "key": undefined,
    "nodeType": "class",
    "props": Object {
      "ariaHideApp": true,
      "bodyOpenClassName": "ReactModal__Body--open",
      "children": Array [
        <h2
          className="c-modal__title"
        >
          SPEC_NAME
           Settings
        </h2>,
        <Form
          closeModal={[Function]}
          configParseError={null}
          description="SPEC_STRING"
          onChange={[Function]}
          save={[Function]}
        />,
      ],
      "className": "c-modal c-modal--settings is-open",
      "closeTimeoutMS": 0,
      "contentLabel": "Modal",
      "isOpen": true,
      "onRequestClose": [Function],
      "overlayClassName": "c-modal__background",
      "parentSelector": [Function],
      "portalClassName": "ReactModalPortal",
      "save": [Function],
      "shouldCloseOnEsc": true,
      "shouldCloseOnOverlayClick": true,
      "shouldFocusAfterRender": true,
      "shouldReturnFocusAfterClose": true,
    },
    "ref": null,
    "rendered": Array [
      Object {
        "instance": null,
        "key": undefined,
        "nodeType": "host",
        "props": Object {
          "children": Array [
            "SPEC_NAME",
            " Settings",
          ],
          "className": "c-modal__title",
        },
        "ref": null,
        "rendered": Array [
          "SPEC_NAME",
          " Settings",
        ],
        "type": "h2",
      },
      Object {
        "instance": null,
        "key": undefined,
        "nodeType": "function",
        "props": Object {
          "canvasApiPermissions": undefined,
          "closeModal": [Function],
          "configParseError": null,
          "defaultConfig": undefined,
          "description": "SPEC_STRING",
          "onChange": [Function],
          "save": [Function],
        },
        "ref": null,
        "rendered": null,
        "type": [Function],
      },
    ],
    "type": [Function],
  },
  Symbol(enzyme.__nodes__): Array [
    Object {
      "instance": null,
      "key": undefined,
      "nodeType": "class",
      "props": Object {
        "ariaHideApp": true,
        "bodyOpenClassName": "ReactModal__Body--open",
        "children": Array [
          <h2
            className="c-modal__title"
          >
            SPEC_NAME
             Settings
          </h2>,
          <Form
            closeModal={[Function]}
            configParseError={null}
            description="SPEC_STRING"
            onChange={[Function]}
            save={[Function]}
          />,
        ],
        "className": "c-modal c-modal--settings is-open",
        "closeTimeoutMS": 0,
        "contentLabel": "Modal",
        "isOpen": true,
        "onRequestClose": [Function],
        "overlayClassName": "c-modal__background",
        "parentSelector": [Function],
        "portalClassName": "ReactModalPortal",
        "save": [Function],
        "shouldCloseOnEsc": true,
        "shouldCloseOnOverlayClick": true,
        "shouldFocusAfterRender": true,
        "shouldReturnFocusAfterClose": true,
      },
      "ref": null,
      "rendered": Array [
        Object {
          "instance": null,
          "key": undefined,
          "nodeType": "host",
          "props": Object {
            "children": Array [
              "SPEC_NAME",
              " Settings",
            ],
            "className": "c-modal__title",
          },
          "ref": null,
          "rendered": Array [
            "SPEC_NAME",
            " Settings",
          ],
          "type": "h2",
        },
        Object {
          "instance": null,
          "key": undefined,
          "nodeType": "function",
          "props": Object {
            "canvasApiPermissions": undefined,
            "closeModal": [Function],
            "configParseError": null,
            "defaultConfig": undefined,
            "description": "SPEC_STRING",
            "onChange": [Function],
            "save": [Function],
          },
          "ref": null,
          "rendered": null,
          "type": [Function],
        },
      ],
      "type": [Function],
    },
  ],
  Symbol(enzyme.__options__): Object {
    "adapter": ReactSixteenAdapter {
      "options": Object {
        "enableComponentDidUpdateOnSetState": true,
      },
    },
  },
}
`;
