// Jest Snapshot v1, https://goo.gl/fbAQLP

exports[`ApplicationInstanceSettings renders when props are provided 1`] = `
<div
  className="aj-settings-container"
>
  <div
    className="nav-col"
  >
    <a
      className="tabs false"
      onClick={[Function]}
      style={Object {}}
    >
      <i
        className="far fa-analytics icon"
      />
      <p
        className="text"
      >
        Overview
      </p>
    </a>
    <a
      className="tabs false"
      onClick={[Function]}
      style={Object {}}
    >
      <i
        className="far fa-edit icon"
      />
      <p
        className="text"
      >
        General Settings
      </p>
    </a>
    <a
      className="tabs false"
      onClick={[Function]}
      style={Object {}}
    >
      <i
        className="far fa-edit icon"
      />
      <p
        className="text"
      >
        LTI Advantage
      </p>
    </a>
    <a
      className="tabs false"
      onClick={[Function]}
      style={Object {}}
    >
      <i
        className="far fa-cog icon"
      />
      <p
        className="text"
      >
        Configuration
      </p>
    </a>
    <a
      className="tabs false"
      onClick={[Function]}
      style={Object {}}
    >
      <i
        className="far fa-cog icon"
      />
      <p
        className="text"
      >
        XML Config
      </p>
    </a>
  </div>
  <div
    className="display-page"
  />
</div>
`;
