// Jest Snapshot v1, https://goo.gl/fbAQLP

exports[`lti installs course install matches the snapshot 1`] = `
ShallowWrapper {
  "complexSelector": ComplexSelector {
    "buildPredicate": [Function],
    "childrenOfNode": [Function],
    "findWhereUnwrapped": [Function],
  },
  "length": 1,
  "node": <table
    className="c-table c-table--installs"
>
    <thead>
        <tr>
            <th>
                <span>
                    Course Name
                </span>
            </th>
            <th />
        </tr>
    </thead>
    <tbody />
</table>,
  "nodes": Array [
    <table
      className="c-table c-table--installs"
>
      <thead>
            <tr>
                  <th>
                        <span>
                              Course Name
                        </span>
                  </th>
                  <th />
            </tr>
      </thead>
      <tbody />
</table>,
  ],
  "options": Object {},
  "renderer": ReactShallowRenderer {
    "_instance": ShallowComponentWrapper {
      "_calledComponentWillUnmount": false,
      "_compositeType": 2,
      "_context": Object {},
      "_currentElement": <CourseInstalls
        applicationInstance={
                Object {
                        "lti_config_xml": "lti_config_xml",
                        "lti_key": "lti_key",
                        "lti_secret": "lti_secret",
                        "name": "application_name",
                      }
        }
        canvasRequest={[Function]}
        courseId={123}
        courseName="courseName"
        courses={Array []}
        installedTool={
                Object {
                        "id": 12,
                      }
        }
        loadingCourses={
                Object {
                        "courseId": "id",
                        "courseName": "name",
                      }
        }
/>,
      "_debugID": 5,
      "_hostContainerInfo": null,
      "_hostParent": null,
      "_instance": StatelessComponent {
        "_reactInternalInstance": [Circular],
        "context": Object {},
        "props": Object {
          "applicationInstance": Object {
            "lti_config_xml": "lti_config_xml",
            "lti_key": "lti_key",
            "lti_secret": "lti_secret",
            "name": "application_name",
          },
          "canvasRequest": [Function],
          "courseId": 123,
          "courseName": "courseName",
          "courses": Array [],
          "installedTool": Object {
            "id": 12,
          },
          "loadingCourses": Object {
            "courseId": "id",
            "courseName": "name",
          },
        },
        "refs": Object {},
        "state": null,
        "updater": Object {
          "enqueueCallback": [Function],
          "enqueueCallbackInternal": [Function],
          "enqueueElementInternal": [Function],
          "enqueueForceUpdate": [Function],
          "enqueueReplaceState": [Function],
          "enqueueSetState": [Function],
          "isMounted": [Function],
          "validateCallback": [Function],
        },
      },
      "_mountOrder": 3,
      "_pendingCallbacks": null,
      "_pendingElement": null,
      "_pendingForceUpdate": false,
      "_pendingReplaceState": false,
      "_pendingStateQueue": null,
      "_renderedComponent": NoopInternalComponent {
        "_currentElement": <table
          className="c-table c-table--installs"
>
          <thead>
                    <tr>
                              <th>
                                        <span>
                                                  Course Name
                                        </span>
                              </th>
                              <th />
                    </tr>
          </thead>
          <tbody />
</table>,
        "_debugID": 6,
        "_renderedOutput": <table
          className="c-table c-table--installs"
>
          <thead>
                    <tr>
                              <th>
                                        <span>
                                                  Course Name
                                        </span>
                              </th>
                              <th />
                    </tr>
          </thead>
          <tbody />
</table>,
      },
      "_renderedNodeType": 0,
      "_rootNodeID": 0,
      "_topLevelWrapper": null,
      "_updateBatchNumber": null,
      "_warnedAboutRefsInRender": false,
    },
    "getRenderOutput": [Function],
    "render": [Function],
  },
  "root": [Circular],
  "unrendered": <CourseInstalls
    applicationInstance={
        Object {
            "lti_config_xml": "lti_config_xml",
            "lti_key": "lti_key",
            "lti_secret": "lti_secret",
            "name": "application_name",
          }
    }
    canvasRequest={[Function]}
    courseId={123}
    courseName="courseName"
    courses={Array []}
    installedTool={
        Object {
            "id": 12,
          }
    }
    loadingCourses={
        Object {
            "courseId": "id",
            "courseName": "name",
          }
    }
/>,
}
`;
