// Jest Snapshot v1, https://goo.gl/fbAQLP

exports[`the index component matches the snapshot 1`] = `
<div
  style={
    Object {
      "height": "100%",
    }
  }
>
  <div>
    <header
      className="c-head"
    >
      <div
        className="aj-flex"
      >
        <img
          alt="Atomic Jolt Logo"
          className="c-head-img"
        />
        <nav
          className="c-head-nav"
        >
          <a
            aria-selected={null}
            className="c-head-link"
            href=""
            onClick={[Function]}
            style={Object {}}
          >
            Starter
          </a>
        </nav>
      </div>
      <div
        className="c-head-profile"
      >
        <div
          className="aj-menu-contain aj-menu-space "
        >
          <button
            aria-expanded="false"
            aria-haspopup="true"
            aria-label="Analytics Options"
            className="aj-icon-btn"
            onClick={[Function]}
            type="button"
          >
            <i
              aria-hidden="true"
              className="material-icons-outlined"
            >
              account_circle
            </i>
          </button>
          <ul
            className="aj-menu"
            role="menu"
          >
            <li>
              <a>
                <span>
                  Admin Users
                </span>
              </a>
            </li>
            <li>
              <a>
                <span>
                  Update Profile
                </span>
              </a>
            </li>
            <li>
              <a
                href="https://www.example.com"
              >
                <span>
                  Logout
                </span>
              </a>
            </li>
            <li>
              <a
                href="https://www.example.com?destroy_authentications=true"
              >
                <span>
                  Delete Canvas Authentications and Sign Out
                </span>
              </a>
            </li>
          </ul>
        </div>
      </div>
    </header>
    <div
      className="c-yellow-bar"
    />
    <div
      className="c-subnav"
    >
      <ul>
        <li>
          <a
            onClick={[Function]}
            style={Object {}}
          >
            LTI Tools
          </a>
        </li>
        <li>
          <a
            onClick={[Function]}
            style={Object {}}
          >
            Sites
            <span
              className="c-alert c-alert--danger"
            >
               ! Setup Required
            </span>
          </a>
        </li>
      </ul>
    </div>
  </div>
  <div
    className="o-contain"
  >
    <div
      className="o-left"
    >
      <div
        className="c-tool"
      >
        <h4
          className="c-tool__subtitle"
        >
          LTI Tool
        </h4>
        <h3
          className="c-tool__title"
        >
          n/a
        </h3>
      </div>
      <div
        className="c-tool"
      >
        <h4
          className="c-tool__instance"
        >
          <a
            href=""
          >
            
          </a>
        </h4>
      </div>
      <div
        className="c-filters"
      >
        <h4
          className="c-sidebar-subtitle"
        >
          Accounts
        </h4>
        <ul
          className="c-filter-list"
        >
          <li
            className="c-filter__item"
          >
            <button
              onClick={[Function]}
              type="button"
            />
          </li>
        </ul>
      </div>
    </div>
    <div
      className="o-right"
    />
  </div>
</div>
`;
