// Jest Snapshot v1, https://goo.gl/fbAQLP

exports[`lti installs pagination matches the snapshot 1`] = `
ShallowWrapper {
  "complexSelector": ComplexSelector {
    "buildPredicate": [Function],
    "childrenOfNode": [Function],
    "findWhereUnwrapped": [Function],
  },
  "length": 1,
  "node": <PaginationBoxView
    activeClassName="selected"
    breakLabel="..."
    containerClassName="pagination"
    disableInitialCallback={false}
    disabledClassName="disabled"
    initialPage={2}
    marginPagesDisplayed={1}
    nextClassName="next"
    nextLabel="Next"
    onPageChange={[Function]}
    pageCount={21}
    pageRangeDisplayed={5}
    previousClassName="previous"
    previousLabel="Prev"
/>,
  "nodes": Array [
    <PaginationBoxView
      activeClassName="selected"
      breakLabel="..."
      containerClassName="pagination"
      disableInitialCallback={false}
      disabledClassName="disabled"
      initialPage={2}
      marginPagesDisplayed={1}
      nextClassName="next"
      nextLabel="Next"
      onPageChange={[Function]}
      pageCount={21}
      pageRangeDisplayed={5}
      previousClassName="previous"
      previousLabel="Prev"
/>,
  ],
  "options": Object {},
  "renderer": ReactShallowRenderer {
    "_instance": ShallowComponentWrapper {
      "_calledComponentWillUnmount": false,
      "_compositeType": 2,
      "_context": Object {},
      "_currentElement": <Pagination
        courses={
                Array [
                        Object {
                          "id": 1,
                          "name": "name",
                        },
                        Object {
                          "id": 2,
                          "name": "name",
                        },
                      ]
        }
        currentPage={2}
        pageCount={21}
        pageSize={1}
        setPage={[Function]}
/>,
      "_debugID": 5,
      "_hostContainerInfo": null,
      "_hostParent": null,
      "_instance": StatelessComponent {
        "_reactInternalInstance": [Circular],
        "context": Object {},
        "props": Object {
          "courses": Array [
            Object {
              "id": 1,
              "name": "name",
            },
            Object {
              "id": 2,
              "name": "name",
            },
          ],
          "currentPage": 2,
          "pageCount": 21,
          "pageSize": 1,
          "setPage": [Function],
        },
        "refs": Object {},
        "state": null,
        "updater": Object {
          "enqueueCallback": [Function],
          "enqueueCallbackInternal": [Function],
          "enqueueElementInternal": [Function],
          "enqueueForceUpdate": [Function],
          "enqueueReplaceState": [Function],
          "enqueueSetState": [Function],
          "isMounted": [Function],
          "validateCallback": [Function],
        },
      },
      "_mountOrder": 3,
      "_pendingCallbacks": null,
      "_pendingElement": null,
      "_pendingForceUpdate": false,
      "_pendingReplaceState": false,
      "_pendingStateQueue": null,
      "_renderedComponent": NoopInternalComponent {
        "_currentElement": <PaginationBoxView
          activeClassName="selected"
          breakLabel="..."
          containerClassName="pagination"
          disableInitialCallback={false}
          disabledClassName="disabled"
          initialPage={2}
          marginPagesDisplayed={1}
          nextClassName="next"
          nextLabel="Next"
          onPageChange={[Function]}
          pageCount={21}
          pageRangeDisplayed={5}
          previousClassName="previous"
          previousLabel="Prev"
/>,
        "_debugID": 6,
        "_renderedOutput": <PaginationBoxView
          activeClassName="selected"
          breakLabel="..."
          containerClassName="pagination"
          disableInitialCallback={false}
          disabledClassName="disabled"
          initialPage={2}
          marginPagesDisplayed={1}
          nextClassName="next"
          nextLabel="Next"
          onPageChange={[Function]}
          pageCount={21}
          pageRangeDisplayed={5}
          previousClassName="previous"
          previousLabel="Prev"
/>,
      },
      "_renderedNodeType": 1,
      "_rootNodeID": 0,
      "_topLevelWrapper": null,
      "_updateBatchNumber": null,
      "_warnedAboutRefsInRender": false,
    },
    "getRenderOutput": [Function],
    "render": [Function],
  },
  "root": [Circular],
  "unrendered": <Pagination
    courses={
        Array [
            Object {
              "id": 1,
              "name": "name",
            },
            Object {
              "id": 2,
              "name": "name",
            },
          ]
    }
    currentPage={2}
    pageCount={21}
    pageSize={1}
    setPage={[Function]}
/>,
}
`;
