// Jest Snapshot v1, https://goo.gl/fbAQLP

exports[`common heading matches the snapshot 1`] = `
<div>
  <header
    className="c-head"
  >
    <div
      className="aj-flex"
    >
      <img
        alt="Atomic Jolt Logo"
        className="c-head-img"
      />
      <nav
        className="c-head-nav"
      >
        <Link
          aria-selected={null}
          className="c-head-link"
          key="Atomic Search0"
          onlyActiveOnIndex={false}
          style={Object {}}
        >
          Search
        </Link>
        <Link
          aria-selected={null}
          className="c-head-link"
          key="Atomic Curriculum Tools1"
          onlyActiveOnIndex={false}
          style={Object {}}
        >
          Act
        </Link>
        <Link
          aria-selected={null}
          className="c-head-link"
          key="2"
          onlyActiveOnIndex={false}
          style={Object {}}
        >
          Assessments
        </Link>
        <Link
          aria-selected={null}
          className="c-head-link"
          key="3"
          onlyActiveOnIndex={false}
          style={Object {}}
        >
          Polls
        </Link>
        <Link
          aria-selected={null}
          className="c-head-link"
          key="4"
          onlyActiveOnIndex={false}
          style={Object {}}
        >
          Discussions
        </Link>
        <Link
          aria-selected={null}
          className="c-head-link"
          key="5"
          onlyActiveOnIndex={false}
          style={Object {}}
        >
          Journals
        </Link>
      </nav>
    </div>
    <div
      className="c-head-profile"
    >
      <Menu>
        <Component />
      </Menu>
    </div>
  </header>
  <div
    className="c-yellow-bar"
  />
  <SubNav
    sites={
      Object {
        "1": Object {
          "id": 1,
          "oauth_key": "akey",
          "oauth_secret": "secret",
        },
      }
    }
  />
</div>
`;
