// Jest Snapshot v1, https://goo.gl/fbAQLP

exports[`common heading matches the snapshot 1`] = `
<div>
  <header
    className="c-head"
  >
    <div
      className="aj-flex"
    >
      <img
        alt="Atomic Jolt Logo"
        className="c-head-img"
      />
      <nav
        className="c-head-nav"
      >
        <Link
          aria-selected={null}
          className="c-head-link"
          href=""
          key="Starter App0"
          onlyActiveOnIndex={false}
          style={Object {}}
        >
          Starter
        </Link>
      </nav>
    </div>
    <div
      className="c-head-profile"
    >
      <Menu>
        <Component />
      </Menu>
    </div>
  </header>
  <div
    className="c-yellow-bar"
  />
  <SubNav
    sites={
      Object {
        "1": Object {
          "id": 1,
          "oauth_key": "akey",
          "oauth_secret": "secret",
        },
      }
    }
  />
</div>
`;
