// Jest Snapshot v1, https://goo.gl/fbAQLP

exports[`common heading matches the snapshot 1`] = `
<div>
  <header
    className="c-head"
  >
    <div
      className="aj-flex"
    >
      <img
        alt="Atomic Jolt Logo"
        className="c-head-img"
        src="test-file-stub"
      />
      <nav
        className="c-head-nav"
      >
        <a
          aria-selected={null}
          className="c-head-link"
          href=""
          onClick={[Function]}
          style={Object {}}
        >
          Starter
        </a>
      </nav>
    </div>
    <div
      className="c-head-profile"
    >
      <div
        className="aj-menu-contain aj-menu-space "
      >
        <button
          aria-expanded="false"
          aria-haspopup="true"
          aria-label="Analytics Options"
          className="aj-icon-btn"
          onClick={[Function]}
          type="button"
        >
          <i
            aria-hidden="true"
            className="material-icons-outlined"
          >
            account_circle
          </i>
        </button>
        <ul
          className="aj-menu"
          role="menu"
        >
          <li>
            <a>
              <span>
                Admin Users
              </span>
            </a>
          </li>
          <li>
            <a>
              <span>
                Update Profile
              </span>
            </a>
          </li>
          <li>
            <a
              href="https://www.example.com"
            >
              <span>
                Logout
              </span>
            </a>
          </li>
          <li>
            <a
              href="https://www.example.com?destroy_authentications=true"
            >
              <span>
                Delete Canvas Authentications and Sign Out
              </span>
            </a>
          </li>
        </ul>
      </div>
    </div>
  </header>
  <div
    className="c-yellow-bar"
  />
  <div
    className="c-subnav"
  >
    <ul>
      <li>
        <a
          onClick={[Function]}
          style={Object {}}
        >
          LTI Tools
        </a>
      </li>
      <li>
        <a
          onClick={[Function]}
          style={Object {}}
        >
          Sites
        </a>
      </li>
    </ul>
  </div>
</div>
`;
