// Jest Snapshot v1, https://goo.gl/fbAQLP

exports[`common search inputs matches the snapshot 1`] = `
ShallowWrapper {
  "length": 1,
  Symbol(enzyme.__root__): [Circular],
  Symbol(enzyme.__unrendered__): <SettingsInputs
    settings={
      Object {
        "lti_key": "lti_key",
        "name": "ltiName",
      }
    }
  />,
  Symbol(enzyme.__renderer__): Object {
    "batchedUpdates": [Function],
    "getNode": [Function],
    "render": [Function],
    "simulateEvent": [Function],
    "unmount": [Function],
  },
  Symbol(enzyme.__node__): Object {
    "instance": null,
    "key": undefined,
    "nodeType": "host",
    "props": Object {
      "children": Array [
        <input
          name="oauth_consumer_key"
          type="hidden"
          value="lti_key"
        />,
        Array [
          <input
            name="lti_key"
            type="hidden"
            value="lti_key"
          />,
          <input
            name="name"
            type="hidden"
            value="ltiName"
          />,
        ],
      ],
    },
    "ref": null,
    "rendered": Array [
      Object {
        "instance": null,
        "key": undefined,
        "nodeType": "host",
        "props": Object {
          "name": "oauth_consumer_key",
          "type": "hidden",
          "value": "lti_key",
        },
        "ref": null,
        "rendered": null,
        "type": "input",
      },
      Object {
        "instance": null,
        "key": "lti_key",
        "nodeType": "host",
        "props": Object {
          "name": "lti_key",
          "type": "hidden",
          "value": "lti_key",
        },
        "ref": null,
        "rendered": null,
        "type": "input",
      },
      Object {
        "instance": null,
        "key": "name",
        "nodeType": "host",
        "props": Object {
          "name": "name",
          "type": "hidden",
          "value": "ltiName",
        },
        "ref": null,
        "rendered": null,
        "type": "input",
      },
    ],
    "type": "div",
  },
  Symbol(enzyme.__nodes__): Array [
    Object {
      "instance": null,
      "key": undefined,
      "nodeType": "host",
      "props": Object {
        "children": Array [
          <input
            name="oauth_consumer_key"
            type="hidden"
            value="lti_key"
          />,
          Array [
            <input
              name="lti_key"
              type="hidden"
              value="lti_key"
            />,
            <input
              name="name"
              type="hidden"
              value="ltiName"
            />,
          ],
        ],
      },
      "ref": null,
      "rendered": Array [
        Object {
          "instance": null,
          "key": undefined,
          "nodeType": "host",
          "props": Object {
            "name": "oauth_consumer_key",
            "type": "hidden",
            "value": "lti_key",
          },
          "ref": null,
          "rendered": null,
          "type": "input",
        },
        Object {
          "instance": null,
          "key": "lti_key",
          "nodeType": "host",
          "props": Object {
            "name": "lti_key",
            "type": "hidden",
            "value": "lti_key",
          },
          "ref": null,
          "rendered": null,
          "type": "input",
        },
        Object {
          "instance": null,
          "key": "name",
          "nodeType": "host",
          "props": Object {
            "name": "name",
            "type": "hidden",
            "value": "ltiName",
          },
          "ref": null,
          "rendered": null,
          "type": "input",
        },
      ],
      "type": "div",
    },
  ],
  Symbol(enzyme.__options__): Object {
    "adapter": ReactSixteenAdapter {
      "options": Object {
        "enableComponentDidUpdateOnSetState": true,
      },
    },
  },
}
`;
