// Jest Snapshot v1, https://goo.gl/fbAQLP

exports[`sites list matches the snapshot 1`] = `
<table
  className="c-table c-table--lti"
>
  <thead>
    <tr>
      <th>
        <span>
          URL
        </span>
      </th>
      <th>
        <span>
          SETTINGS
        </span>
      </th>
      <th>
        <span>
          DELETE
        </span>
      </th>
    </tr>
  </thead>
  <tbody>
    <tr>
      <td>
        bfcoder.com
        <span
          className="c-alert c-alert--danger"
          style={
            Object {
              "fontSize": "10px",
            }
          }
        >
          OAuth key and/or secret not configured
        </span>
      </td>
      <td>
        <button
          onClick={[Function]}
          style={
            Object {
              "backgroundColor": "transparent",
              "border": "none",
              "color": "grey",
              "cursor": "pointer",
              "fontSize": "1.5em",
            }
          }
        >
          <i
            className="material-icons"
          >
            settings
          </i>
        </button>
      </td>
      <td>
        <button
          onClick={[Function]}
          style={
            Object {
              "backgroundColor": "transparent",
              "border": "none",
              "color": "grey",
              "cursor": "pointer",
              "fontSize": "1.5em",
            }
          }
        >
          <i
            className="i-delete"
          />
        </button>
      </td>
    </tr>
    <tr>
      <td>
        atomicjolt.com
        <span
          className="c-alert c-alert--danger"
          style={
            Object {
              "fontSize": "10px",
            }
          }
        >
          OAuth key and/or secret not configured
        </span>
      </td>
      <td>
        <button
          onClick={[Function]}
          style={
            Object {
              "backgroundColor": "transparent",
              "border": "none",
              "color": "grey",
              "cursor": "pointer",
              "fontSize": "1.5em",
            }
          }
        >
          <i
            className="material-icons"
          >
            settings
          </i>
        </button>
      </td>
      <td>
        <button
          onClick={[Function]}
          style={
            Object {
              "backgroundColor": "transparent",
              "border": "none",
              "color": "grey",
              "cursor": "pointer",
              "fontSize": "1.5em",
            }
          }
        >
          <i
            className="i-delete"
          />
        </button>
      </td>
    </tr>
  </tbody>
</table>
`;
