// Jest Snapshot v1, https://goo.gl/fbAQLP

exports[`site modal matches the snapshot 1`] = `
<div
  className="ReactModal__Overlay unused"
  onClick={[Function]}
  onMouseDown={[Function]}
  style={Object {}}
>
  <div
    aria-label="Modal"
    aria-modal={true}
    className="ReactModal__Content c-modal c-modal--site is-open"
    onClick={[Function]}
    onKeyDown={[Function]}
    onMouseDown={[Function]}
    onMouseUp={[Function]}
    role="dialog"
    style={Object {}}
    tabIndex="-1"
  >
    <h2
      className="c-modal__title"
    >
      Update
       
      Domain
    </h2>
    <h3
      className="c-modal__subtext"
    >
      <div>
        <div>
          Use the redirect URI:
           
          http://example.com
        </div>
        <div>
          <a
            className="c-modal__subtext-link"
            href="bfcoder.com/accounts/site_admin/developer_keys"
            rel="noopener noreferrer"
            target="_blank"
          >
            Get Canvas Developer Keys Here
          </a>
        </div>
      </div>
    </h3>
    <h3
      className="c-modal__subtext"
    >
      Url must begin with "https://"
    </h3>
    <form>
      <div
        className="o-grid o-grid__modal-top"
      >
        <div
          className="o-grid__item u-full"
        >
          <div
            className="c-input--container"
          >
            <label
              className="c-input"
              htmlFor="site_url"
            >
              <span>
                Canvas Domain
              </span>
              <input
                id="site_url"
                name="url"
                onChange={[Function]}
                type="text"
                value="bfcoder.com"
              />
            </label>
          </div>
        </div>
        <div
          className="o-grid__item u-full"
        >
          <div
            className="c-input--container"
          >
            <label
              className="c-input"
              htmlFor="site_oauth_key"
            >
              <span>
                Canvas Developer ID
              </span>
              <input
                id="site_oauth_key"
                name="oauth_key"
                onChange={[Function]}
                type="text"
                value=""
              />
            </label>
          </div>
        </div>
        <div
          className="o-grid__item u-full"
        >
          <div
            className="c-input--container"
          >
            <label
              className="c-input"
              htmlFor="site_oauth_secret"
            >
              <span>
                Canvas Developer Key
              </span>
              <input
                id="site_oauth_secret"
                name="oauth_secret"
                onChange={[Function]}
                type="text"
                value=""
              />
            </label>
          </div>
        </div>
      </div>
      <button
        className="c-btn c-btn--yellow"
        onClick={[Function]}
        type="button"
      >
        Update
         Domain
      </button>
      <button
        className="c-btn c-btn--gray--large u-m-right"
        onClick={[Function]}
        type="button"
      >
        Cancel
      </button>
    </form>
  </div>
</div>
`;
