// Jest Snapshot v1, https://goo.gl/fbAQLP

exports[`sites list row matches the snapshot 1`] = `
<tr>
  <td>
    http://www.example.com
    <span
      className="c-alert c-alert--danger"
      style={
        Object {
          "fontSize": "10px",
        }
      }
    >
      OAuth key and/or secret not configured
    </span>
  </td>
  <td>
    <button
      onClick={[Function]}
      style={
        Object {
          "backgroundColor": "transparent",
          "border": "none",
          "color": "grey",
          "cursor": "pointer",
          "fontSize": "1.5em",
        }
      }
    >
      <i
        className="i-settings"
      />
    </button>
    <Connect(SiteModal)
      closeModal={[Function]}
      isOpen={false}
      site={
        Object {
          "url": "http://www.example.com",
        }
      }
    />
  </td>
  <td>
    <button
      onClick={[Function]}
      style={
        Object {
          "backgroundColor": "transparent",
          "border": "none",
          "color": "grey",
          "cursor": "pointer",
          "fontSize": "1.5em",
        }
      }
    >
      <i
        className="i-delete"
      />
    </button>
    <DeleteModal
      closeModal={[Function]}
      deleteRecord={[Function]}
      isOpen={false}
    />
  </td>
</tr>
`;
